// Jest Snapshot v1, https://goo.gl/fbAQLP

exports[`Add Recipe renders the UI as expected 1`] = `
<section
  className="add-recipe"
>
  <h3>
     Add New Recipe
  </h3>
  <form
    className="add-recipe-form"
    onSubmit={[Function]}
  >
    <div
      className="form-section"
    >
      <label
        htmlFor="recipe-title"
      >
        Recipe Title
      </label>
      <input
        name="recipe-title"
        placeholder="Chicken Picatta"
        required={true}
        type="text"
      />
    </div>
    <div
      className="form-section"
    >
      <label
        htmlFor="recipe-ingredients"
      >
        Add Ingredients
      </label>
      <textarea
        name="recipe-ingredients"
        placeholder="separate ingredients by comma"
        required={true}
        rows="5"
      />
    </div>
    <div
      className="form-section"
    >
      <label
        htmlFor="recipe-instructions"
      >
        Add Instructions
      </label>
      <textarea
        name="recipe-instructions"
        required={true}
        rows="5"
      />
    </div>
    <div
      className="form-section"
    >
      <label
        htmlFor="recipe-source"
      >
        Add Source
      </label>
      <textarea
        name="recipe-source"
        placeholder="e.g. NYTimes Food"
        required={true}
        rows="5"
      />
    </div>
    <div
      className="form-section"
    >
      <button
        type="submit"
      >
        Submit
      </button>
      <button
        type="reset"
      >
        Reset
      </button>
    </div>
  </form>
</section>
`;
